[2023-11-09T20:46:53.850+0700][gc] Using G1
[2023-11-09T20:46:53.858+0700][gc,init] Version: 17.0.8.1+7-b1080.1 (release)
[2023-11-09T20:46:53.858+0700][gc,init] CPUs: 4 total, 4 available
[2023-11-09T20:46:53.858+0700][gc,init] Memory: 16384M
[2023-11-09T20:46:53.858+0700][gc,init] Large Page Support: Disabled
[2023-11-09T20:46:53.858+0700][gc,init] NUMA Support: Disabled
[2023-11-09T20:46:53.858+0700][gc,init] Compressed Oops: Enabled (Zero based)
[2023-11-09T20:46:53.858+0700][gc,init] Heap Region Size: 1M
[2023-11-09T20:46:53.858+0700][gc,init] Heap Min Capacity: 1G
[2023-11-09T20:46:53.858+0700][gc,init] Heap Initial Capacity: 1G
[2023-11-09T20:46:53.858+0700][gc,init] Heap Max Capacity: 1G
[2023-11-09T20:46:53.858+0700][gc,init] Pre-touch: Disabled
[2023-11-09T20:46:53.858+0700][gc,init] Parallel Workers: 4
[2023-11-09T20:46:53.858+0700][gc,init] Concurrent Workers: 1
[2023-11-09T20:46:53.858+0700][gc,init] Concurrent Refinement Workers: 4
[2023-11-09T20:46:53.858+0700][gc,init] Periodic GC: Disabled
[2023-11-09T20:46:53.858+0700][gc,metaspace] CDS archive(s) not mapped
[2023-11-09T20:46:53.858+0700][gc,metaspace] Compressed class space mapped at: 0x0000000800000000-0x0000000840000000, reserved size: 1073741824
[2023-11-09T20:46:53.858+0700][gc,metaspace] Narrow klass base: 0x0000000800000000, Narrow klass shift: 0, Narrow klass range: 0x40000000
[2023-11-09T20:47:00.198+0700][gc,start    ] GC(0) Pause Young (Concurrent Start) (Metadata GC Threshold)
[2023-11-09T20:47:00.199+0700][gc,task     ] GC(0) Using 4 workers of 4 for evacuation
[2023-11-09T20:47:00.218+0700][gc,phases   ] GC(0)   Pre Evacuate Collection Set: 0.2ms
[2023-11-09T20:47:00.218+0700][gc,phases   ] GC(0)   Merge Heap Roots: 0.1ms
[2023-11-09T20:47:00.218+0700][gc,phases   ] GC(0)   Evacuate Collection Set: 14.8ms
[2023-11-09T20:47:00.218+0700][gc,phases   ] GC(0)   Post Evacuate Collection Set: 3.4ms
[2023-11-09T20:47:00.218+0700][gc,phases   ] GC(0)   Other: 1.6ms
[2023-11-09T20:47:00.218+0700][gc,heap     ] GC(0) Eden regions: 33->0(44)
[2023-11-09T20:47:00.218+0700][gc,heap     ] GC(0) Survivor regions: 0->7(7)
[2023-11-09T20:47:00.218+0700][gc,heap     ] GC(0) Old regions: 0->1
[2023-11-09T20:47:00.218+0700][gc,heap     ] GC(0) Archive regions: 0->0
[2023-11-09T20:47:00.218+0700][gc,heap     ] GC(0) Humongous regions: 0->0
[2023-11-09T20:47:00.218+0700][gc,metaspace] GC(0) Metaspace: 21388K(21504K)->21388K(21504K) NonClass: 19066K(19136K)->19066K(19136K) Class: 2321K(2368K)->2321K(2368K)
[2023-11-09T20:47:00.218+0700][gc          ] GC(0) Pause Young (Concurrent Start) (Metadata GC Threshold) 32M->7M(1024M) 20.305ms
[2023-11-09T20:47:00.218+0700][gc,cpu      ] GC(0) User=0.03s Sys=0.00s Real=0.02s
[2023-11-09T20:47:00.219+0700][gc          ] GC(1) Concurrent Mark Cycle
[2023-11-09T20:47:00.219+0700][gc,marking  ] GC(1) Concurrent Clear Claimed Marks
[2023-11-09T20:47:00.219+0700][gc,marking  ] GC(1) Concurrent Clear Claimed Marks 0.042ms
[2023-11-09T20:47:00.219+0700][gc,marking  ] GC(1) Concurrent Scan Root Regions
[2023-11-09T20:47:00.223+0700][gc,marking  ] GC(1) Concurrent Scan Root Regions 3.832ms
[2023-11-09T20:47:00.223+0700][gc,marking  ] GC(1) Concurrent Mark
[2023-11-09T20:47:00.223+0700][gc,marking  ] GC(1) Concurrent Mark From Roots
[2023-11-09T20:47:00.223+0700][gc,task     ] GC(1) Using 1 workers of 1 for marking
[2023-11-09T20:47:00.224+0700][gc,marking  ] GC(1) Concurrent Mark From Roots 0.562ms
[2023-11-09T20:47:00.224+0700][gc,marking  ] GC(1) Concurrent Preclean
[2023-11-09T20:47:00.224+0700][gc,marking  ] GC(1) Concurrent Preclean 0.040ms
[2023-11-09T20:47:00.224+0700][gc,start    ] GC(1) Pause Remark
[2023-11-09T20:47:00.225+0700][gc          ] GC(1) Pause Remark 8M->8M(1024M) 1.699ms
[2023-11-09T20:47:00.226+0700][gc,cpu      ] GC(1) User=0.01s Sys=0.00s Real=0.00s
[2023-11-09T20:47:00.226+0700][gc,marking  ] GC(1) Concurrent Mark 2.636ms
[2023-11-09T20:47:00.226+0700][gc,marking  ] GC(1) Concurrent Rebuild Remembered Sets
[2023-11-09T20:47:00.227+0700][gc,marking  ] GC(1) Concurrent Rebuild Remembered Sets 0.914ms
[2023-11-09T20:47:00.227+0700][gc,start    ] GC(1) Pause Cleanup
[2023-11-09T20:47:00.227+0700][gc          ] GC(1) Pause Cleanup 8M->8M(1024M) 0.148ms
[2023-11-09T20:47:00.227+0700][gc,cpu      ] GC(1) User=0.00s Sys=0.01s Real=0.00s
[2023-11-09T20:47:00.227+0700][gc,marking  ] GC(1) Concurrent Cleanup for Next Mark
[2023-11-09T20:47:00.237+0700][gc,marking  ] GC(1) Concurrent Cleanup for Next Mark 10.048ms
[2023-11-09T20:47:00.237+0700][gc          ] GC(1) Concurrent Mark Cycle 18.722ms
[2023-11-09T20:47:14.056+0700][gc,start    ] GC(2) Pause Young (Normal) (G1 Evacuation Pause)
[2023-11-09T20:47:14.056+0700][gc,task     ] GC(2) Using 4 workers of 4 for evacuation
[2023-11-09T20:47:14.065+0700][gc,phases   ] GC(2)   Pre Evacuate Collection Set: 0.1ms
[2023-11-09T20:47:14.065+0700][gc,phases   ] GC(2)   Merge Heap Roots: 0.1ms
[2023-11-09T20:47:14.065+0700][gc,phases   ] GC(2)   Evacuate Collection Set: 7.7ms
[2023-11-09T20:47:14.065+0700][gc,phases   ] GC(2)   Post Evacuate Collection Set: 0.7ms
[2023-11-09T20:47:14.065+0700][gc,phases   ] GC(2)   Other: 0.4ms
[2023-11-09T20:47:14.065+0700][gc,heap     ] GC(2) Eden regions: 44->0(48)
[2023-11-09T20:47:14.065+0700][gc,heap     ] GC(2) Survivor regions: 7->3(7)
[2023-11-09T20:47:14.065+0700][gc,heap     ] GC(2) Old regions: 1->8
[2023-11-09T20:47:14.065+0700][gc,heap     ] GC(2) Archive regions: 0->0
[2023-11-09T20:47:14.065+0700][gc,heap     ] GC(2) Humongous regions: 129->129
[2023-11-09T20:47:14.065+0700][gc,metaspace] GC(2) Metaspace: 34162K(34432K)->34162K(34432K) NonClass: 30391K(30528K)->30391K(30528K) Class: 3770K(3904K)->3770K(3904K)
[2023-11-09T20:47:14.065+0700][gc          ] GC(2) Pause Young (Normal) (G1 Evacuation Pause) 180M->139M(1024M) 9.092ms
[2023-11-09T20:47:14.065+0700][gc,cpu      ] GC(2) User=0.03s Sys=0.01s Real=0.01s
[2023-11-09T20:47:14.177+0700][gc,start    ] GC(3) Pause Young (Concurrent Start) (Metadata GC Threshold)
[2023-11-09T20:47:14.177+0700][gc,task     ] GC(3) Using 4 workers of 4 for evacuation
[2023-11-09T20:47:14.180+0700][gc,phases   ] GC(3)   Pre Evacuate Collection Set: 0.1ms
[2023-11-09T20:47:14.180+0700][gc,phases   ] GC(3)   Merge Heap Roots: 0.0ms
[2023-11-09T20:47:14.180+0700][gc,phases   ] GC(3)   Evacuate Collection Set: 2.5ms
[2023-11-09T20:47:14.180+0700][gc,phases   ] GC(3)   Post Evacuate Collection Set: 0.3ms
[2023-11-09T20:47:14.180+0700][gc,phases   ] GC(3)   Other: 0.2ms
[2023-11-09T20:47:14.181+0700][gc,heap     ] GC(3) Eden regions: 6->0(48)
[2023-11-09T20:47:14.181+0700][gc,heap     ] GC(3) Survivor regions: 3->3(7)
[2023-11-09T20:47:14.181+0700][gc,heap     ] GC(3) Old regions: 8->8
[2023-11-09T20:47:14.181+0700][gc,heap     ] GC(3) Archive regions: 0->0
[2023-11-09T20:47:14.181+0700][gc,heap     ] GC(3) Humongous regions: 129->129
[2023-11-09T20:47:14.181+0700][gc,metaspace] GC(3) Metaspace: 35801K(35968K)->35801K(35968K) NonClass: 31851K(31936K)->31851K(31936K) Class: 3950K(4032K)->3950K(4032K)
[2023-11-09T20:47:14.181+0700][gc          ] GC(3) Pause Young (Concurrent Start) (Metadata GC Threshold) 145M->139M(1024M) 3.240ms
[2023-11-09T20:47:14.181+0700][gc,cpu      ] GC(3) User=0.01s Sys=0.00s Real=0.01s
[2023-11-09T20:47:14.181+0700][gc          ] GC(4) Concurrent Mark Cycle
[2023-11-09T20:47:14.181+0700][gc,marking  ] GC(4) Concurrent Clear Claimed Marks
[2023-11-09T20:47:14.181+0700][gc,marking  ] GC(4) Concurrent Clear Claimed Marks 0.031ms
[2023-11-09T20:47:14.181+0700][gc,marking  ] GC(4) Concurrent Scan Root Regions
[2023-11-09T20:47:14.183+0700][gc,marking  ] GC(4) Concurrent Scan Root Regions 1.944ms
[2023-11-09T20:47:14.183+0700][gc,marking  ] GC(4) Concurrent Mark
[2023-11-09T20:47:14.183+0700][gc,marking  ] GC(4) Concurrent Mark From Roots
[2023-11-09T20:47:14.183+0700][gc,task     ] GC(4) Using 1 workers of 1 for marking
[2023-11-09T20:47:14.190+0700][gc,marking  ] GC(4) Concurrent Mark From Roots 7.623ms
[2023-11-09T20:47:14.190+0700][gc,marking  ] GC(4) Concurrent Preclean
[2023-11-09T20:47:14.190+0700][gc,marking  ] GC(4) Concurrent Preclean 0.051ms
[2023-11-09T20:47:14.191+0700][gc,start    ] GC(4) Pause Remark
[2023-11-09T20:47:14.192+0700][gc          ] GC(4) Pause Remark 140M->140M(1024M) 1.160ms
[2023-11-09T20:47:14.192+0700][gc,cpu      ] GC(4) User=0.00s Sys=0.00s Real=0.00s
[2023-11-09T20:47:14.192+0700][gc,marking  ] GC(4) Concurrent Mark 9.067ms
[2023-11-09T20:47:14.192+0700][gc,marking  ] GC(4) Concurrent Rebuild Remembered Sets
[2023-11-09T20:47:14.195+0700][gc,marking  ] GC(4) Concurrent Rebuild Remembered Sets 3.420ms
[2023-11-09T20:47:14.195+0700][gc,start    ] GC(4) Pause Cleanup
[2023-11-09T20:47:14.195+0700][gc          ] GC(4) Pause Cleanup 140M->140M(1024M) 0.102ms
[2023-11-09T20:47:14.195+0700][gc,cpu      ] GC(4) User=0.00s Sys=0.00s Real=0.00s
[2023-11-09T20:47:14.196+0700][gc,marking  ] GC(4) Concurrent Cleanup for Next Mark
[2023-11-09T20:47:14.213+0700][gc,marking  ] GC(4) Concurrent Cleanup for Next Mark 17.699ms
[2023-11-09T20:47:14.213+0700][gc          ] GC(4) Concurrent Mark Cycle 32.771ms
[2023-11-09T20:47:19.786+0700][gc,heap,exit] Heap
[2023-11-09T20:47:19.786+0700][gc,heap,exit]  garbage-first heap   total 1048576K, used 169150K [0x00000007c0000000, 0x0000000800000000)
[2023-11-09T20:47:19.786+0700][gc,heap,exit]   region size 1024K, 29 young (29696K), 3 survivors (3072K)
[2023-11-09T20:47:19.786+0700][gc,heap,exit]  Metaspace       used 39265K, committed 39552K, reserved 1114112K
[2023-11-09T20:47:19.786+0700][gc,heap,exit]   class space    used 4421K, committed 4544K, reserved 1048576K
