[2023-11-08T13:18:07.159+0700][gc] Using G1
[2023-11-08T13:18:07.166+0700][gc,init] Version: 17.0.8.1+7-b1080.1 (release)
[2023-11-08T13:18:07.166+0700][gc,init] CPUs: 4 total, 4 available
[2023-11-08T13:18:07.166+0700][gc,init] Memory: 16384M
[2023-11-08T13:18:07.166+0700][gc,init] Large Page Support: Disabled
[2023-11-08T13:18:07.166+0700][gc,init] NUMA Support: Disabled
[2023-11-08T13:18:07.166+0700][gc,init] Compressed Oops: Enabled (Zero based)
[2023-11-08T13:18:07.166+0700][gc,init] Heap Region Size: 1M
[2023-11-08T13:18:07.166+0700][gc,init] Heap Min Capacity: 1G
[2023-11-08T13:18:07.166+0700][gc,init] Heap Initial Capacity: 1G
[2023-11-08T13:18:07.166+0700][gc,init] Heap Max Capacity: 1G
[2023-11-08T13:18:07.166+0700][gc,init] Pre-touch: Disabled
[2023-11-08T13:18:07.166+0700][gc,init] Parallel Workers: 4
[2023-11-08T13:18:07.166+0700][gc,init] Concurrent Workers: 1
[2023-11-08T13:18:07.166+0700][gc,init] Concurrent Refinement Workers: 4
[2023-11-08T13:18:07.166+0700][gc,init] Periodic GC: Disabled
[2023-11-08T13:18:07.166+0700][gc,metaspace] CDS archive(s) not mapped
[2023-11-08T13:18:07.166+0700][gc,metaspace] Compressed class space mapped at: 0x0000000800000000-0x0000000840000000, reserved size: 1073741824
[2023-11-08T13:18:07.166+0700][gc,metaspace] Narrow klass base: 0x0000000800000000, Narrow klass shift: 0, Narrow klass range: 0x40000000
[2023-11-08T13:18:13.474+0700][gc,start    ] GC(0) Pause Young (Concurrent Start) (Metadata GC Threshold)
[2023-11-08T13:18:13.475+0700][gc,task     ] GC(0) Using 4 workers of 4 for evacuation
[2023-11-08T13:18:13.481+0700][gc,phases   ] GC(0)   Pre Evacuate Collection Set: 0.1ms
[2023-11-08T13:18:13.481+0700][gc,phases   ] GC(0)   Merge Heap Roots: 0.1ms
[2023-11-08T13:18:13.481+0700][gc,phases   ] GC(0)   Evacuate Collection Set: 5.6ms
[2023-11-08T13:18:13.481+0700][gc,phases   ] GC(0)   Post Evacuate Collection Set: 0.5ms
[2023-11-08T13:18:13.481+0700][gc,phases   ] GC(0)   Other: 0.4ms
[2023-11-08T13:18:13.481+0700][gc,heap     ] GC(0) Eden regions: 32->0(44)
[2023-11-08T13:18:13.481+0700][gc,heap     ] GC(0) Survivor regions: 0->7(7)
[2023-11-08T13:18:13.481+0700][gc,heap     ] GC(0) Old regions: 0->1
[2023-11-08T13:18:13.481+0700][gc,heap     ] GC(0) Archive regions: 0->0
[2023-11-08T13:18:13.481+0700][gc,heap     ] GC(0) Humongous regions: 0->0
[2023-11-08T13:18:13.481+0700][gc,metaspace] GC(0) Metaspace: 21380K(21504K)->21380K(21504K) NonClass: 19058K(19136K)->19058K(19136K) Class: 2321K(2368K)->2321K(2368K)
[2023-11-08T13:18:13.481+0700][gc          ] GC(0) Pause Young (Concurrent Start) (Metadata GC Threshold) 32M->7M(1024M) 6.856ms
[2023-11-08T13:18:13.481+0700][gc,cpu      ] GC(0) User=0.02s Sys=0.01s Real=0.01s
[2023-11-08T13:18:13.481+0700][gc          ] GC(1) Concurrent Mark Cycle
[2023-11-08T13:18:13.481+0700][gc,marking  ] GC(1) Concurrent Clear Claimed Marks
[2023-11-08T13:18:13.481+0700][gc,marking  ] GC(1) Concurrent Clear Claimed Marks 0.022ms
[2023-11-08T13:18:13.481+0700][gc,marking  ] GC(1) Concurrent Scan Root Regions
[2023-11-08T13:18:13.486+0700][gc,marking  ] GC(1) Concurrent Scan Root Regions 4.642ms
[2023-11-08T13:18:13.486+0700][gc,marking  ] GC(1) Concurrent Mark
[2023-11-08T13:18:13.486+0700][gc,marking  ] GC(1) Concurrent Mark From Roots
[2023-11-08T13:18:13.486+0700][gc,task     ] GC(1) Using 1 workers of 1 for marking
[2023-11-08T13:18:13.488+0700][gc,marking  ] GC(1) Concurrent Mark From Roots 1.549ms
[2023-11-08T13:18:13.488+0700][gc,marking  ] GC(1) Concurrent Preclean
[2023-11-08T13:18:13.488+0700][gc,marking  ] GC(1) Concurrent Preclean 0.031ms
[2023-11-08T13:18:13.488+0700][gc,start    ] GC(1) Pause Remark
[2023-11-08T13:18:13.490+0700][gc          ] GC(1) Pause Remark 7M->7M(1024M) 1.999ms
[2023-11-08T13:18:13.490+0700][gc,cpu      ] GC(1) User=0.01s Sys=0.00s Real=0.01s
[2023-11-08T13:18:13.490+0700][gc,marking  ] GC(1) Concurrent Mark 4.005ms
[2023-11-08T13:18:13.490+0700][gc,marking  ] GC(1) Concurrent Rebuild Remembered Sets
[2023-11-08T13:18:13.491+0700][gc,marking  ] GC(1) Concurrent Rebuild Remembered Sets 1.403ms
[2023-11-08T13:18:13.493+0700][gc,start    ] GC(1) Pause Cleanup
[2023-11-08T13:18:13.493+0700][gc          ] GC(1) Pause Cleanup 8M->8M(1024M) 0.229ms
[2023-11-08T13:18:13.493+0700][gc,cpu      ] GC(1) User=0.00s Sys=0.00s Real=0.00s
[2023-11-08T13:18:13.494+0700][gc,marking  ] GC(1) Concurrent Cleanup for Next Mark
[2023-11-08T13:18:13.507+0700][gc,marking  ] GC(1) Concurrent Cleanup for Next Mark 12.822ms
[2023-11-08T13:18:13.507+0700][gc          ] GC(1) Concurrent Mark Cycle 25.733ms
[2023-11-08T13:18:14.965+0700][gc,start    ] GC(2) Pause Young (Normal) (G1 Evacuation Pause)
[2023-11-08T13:18:14.965+0700][gc,task     ] GC(2) Using 4 workers of 4 for evacuation
[2023-11-08T13:18:14.974+0700][gc,phases   ] GC(2)   Pre Evacuate Collection Set: 0.1ms
[2023-11-08T13:18:14.974+0700][gc,phases   ] GC(2)   Merge Heap Roots: 0.1ms
[2023-11-08T13:18:14.974+0700][gc,phases   ] GC(2)   Evacuate Collection Set: 7.6ms
[2023-11-08T13:18:14.974+0700][gc,phases   ] GC(2)   Post Evacuate Collection Set: 0.6ms
[2023-11-08T13:18:14.974+0700][gc,phases   ] GC(2)   Other: 0.1ms
[2023-11-08T13:18:14.974+0700][gc,heap     ] GC(2) Eden regions: 44->0(48)
[2023-11-08T13:18:14.974+0700][gc,heap     ] GC(2) Survivor regions: 7->3(7)
[2023-11-08T13:18:14.974+0700][gc,heap     ] GC(2) Old regions: 1->8
[2023-11-08T13:18:14.974+0700][gc,heap     ] GC(2) Archive regions: 0->0
[2023-11-08T13:18:14.974+0700][gc,heap     ] GC(2) Humongous regions: 129->129
[2023-11-08T13:18:14.974+0700][gc,metaspace] GC(2) Metaspace: 34312K(34560K)->34312K(34560K) NonClass: 30537K(30656K)->30537K(30656K) Class: 3775K(3904K)->3775K(3904K)
[2023-11-08T13:18:14.974+0700][gc          ] GC(2) Pause Young (Normal) (G1 Evacuation Pause) 180M->138M(1024M) 8.580ms
[2023-11-08T13:18:14.974+0700][gc,cpu      ] GC(2) User=0.02s Sys=0.01s Real=0.01s
[2023-11-08T13:18:15.098+0700][gc,start    ] GC(3) Pause Young (Concurrent Start) (Metadata GC Threshold)
[2023-11-08T13:18:15.098+0700][gc,task     ] GC(3) Using 4 workers of 4 for evacuation
[2023-11-08T13:18:15.100+0700][gc,phases   ] GC(3)   Pre Evacuate Collection Set: 0.1ms
[2023-11-08T13:18:15.101+0700][gc,phases   ] GC(3)   Merge Heap Roots: 0.0ms
[2023-11-08T13:18:15.101+0700][gc,phases   ] GC(3)   Evacuate Collection Set: 2.4ms
[2023-11-08T13:18:15.101+0700][gc,phases   ] GC(3)   Post Evacuate Collection Set: 0.2ms
[2023-11-08T13:18:15.101+0700][gc,phases   ] GC(3)   Other: 0.1ms
[2023-11-08T13:18:15.101+0700][gc,heap     ] GC(3) Eden regions: 6->0(48)
[2023-11-08T13:18:15.101+0700][gc,heap     ] GC(3) Survivor regions: 3->3(7)
[2023-11-08T13:18:15.101+0700][gc,heap     ] GC(3) Old regions: 8->8
[2023-11-08T13:18:15.101+0700][gc,heap     ] GC(3) Archive regions: 0->0
[2023-11-08T13:18:15.101+0700][gc,heap     ] GC(3) Humongous regions: 129->129
[2023-11-08T13:18:15.101+0700][gc,metaspace] GC(3) Metaspace: 35885K(36096K)->35885K(36096K) NonClass: 31887K(32000K)->31887K(32000K) Class: 3997K(4096K)->3997K(4096K)
[2023-11-08T13:18:15.101+0700][gc          ] GC(3) Pause Young (Concurrent Start) (Metadata GC Threshold) 144M->139M(1024M) 3.007ms
[2023-11-08T13:18:15.101+0700][gc,cpu      ] GC(3) User=0.01s Sys=0.00s Real=0.01s
[2023-11-08T13:18:15.101+0700][gc          ] GC(4) Concurrent Mark Cycle
[2023-11-08T13:18:15.101+0700][gc,marking  ] GC(4) Concurrent Clear Claimed Marks
[2023-11-08T13:18:15.101+0700][gc,marking  ] GC(4) Concurrent Clear Claimed Marks 0.016ms
[2023-11-08T13:18:15.101+0700][gc,marking  ] GC(4) Concurrent Scan Root Regions
[2023-11-08T13:18:15.103+0700][gc,marking  ] GC(4) Concurrent Scan Root Regions 2.333ms
[2023-11-08T13:18:15.103+0700][gc,marking  ] GC(4) Concurrent Mark
[2023-11-08T13:18:15.103+0700][gc,marking  ] GC(4) Concurrent Mark From Roots
[2023-11-08T13:18:15.103+0700][gc,task     ] GC(4) Using 1 workers of 1 for marking
[2023-11-08T13:18:15.111+0700][gc,marking  ] GC(4) Concurrent Mark From Roots 8.128ms
[2023-11-08T13:18:15.111+0700][gc,marking  ] GC(4) Concurrent Preclean
[2023-11-08T13:18:15.111+0700][gc,marking  ] GC(4) Concurrent Preclean 0.075ms
[2023-11-08T13:18:15.111+0700][gc,start    ] GC(4) Pause Remark
[2023-11-08T13:18:15.113+0700][gc          ] GC(4) Pause Remark 139M->139M(1024M) 1.250ms
[2023-11-08T13:18:15.113+0700][gc,cpu      ] GC(4) User=0.00s Sys=0.00s Real=0.00s
[2023-11-08T13:18:15.113+0700][gc,marking  ] GC(4) Concurrent Mark 9.692ms
[2023-11-08T13:18:15.113+0700][gc,marking  ] GC(4) Concurrent Rebuild Remembered Sets
[2023-11-08T13:18:15.117+0700][gc,marking  ] GC(4) Concurrent Rebuild Remembered Sets 4.147ms
[2023-11-08T13:18:15.117+0700][gc,start    ] GC(4) Pause Cleanup
[2023-11-08T13:18:15.117+0700][gc          ] GC(4) Pause Cleanup 140M->140M(1024M) 0.116ms
[2023-11-08T13:18:15.117+0700][gc,cpu      ] GC(4) User=0.00s Sys=0.00s Real=0.00s
[2023-11-08T13:18:15.117+0700][gc,marking  ] GC(4) Concurrent Cleanup for Next Mark
[2023-11-08T13:18:15.128+0700][gc,marking  ] GC(4) Concurrent Cleanup for Next Mark 10.652ms
[2023-11-08T13:18:15.128+0700][gc          ] GC(4) Concurrent Mark Cycle 27.380ms
[2023-11-08T13:18:15.616+0700][gc,heap,exit] Heap
[2023-11-08T13:18:15.616+0700][gc,heap,exit]  garbage-first heap   total 1048576K, used 168225K [0x00000007c0000000, 0x0000000800000000)
[2023-11-08T13:18:15.616+0700][gc,heap,exit]   region size 1024K, 28 young (28672K), 3 survivors (3072K)
[2023-11-08T13:18:15.616+0700][gc,heap,exit]  Metaspace       used 39243K, committed 39488K, reserved 1114112K
[2023-11-08T13:18:15.616+0700][gc,heap,exit]   class space    used 4414K, committed 4544K, reserved 1048576K
