[2023-11-09T20:31:06.608+0700][gc] Using G1
[2023-11-09T20:31:06.611+0700][gc,init] Version: 17.0.8.1+7-b1080.1 (release)
[2023-11-09T20:31:06.611+0700][gc,init] CPUs: 4 total, 4 available
[2023-11-09T20:31:06.611+0700][gc,init] Memory: 16384M
[2023-11-09T20:31:06.611+0700][gc,init] Large Page Support: Disabled
[2023-11-09T20:31:06.611+0700][gc,init] NUMA Support: Disabled
[2023-11-09T20:31:06.611+0700][gc,init] Compressed Oops: Enabled (Zero based)
[2023-11-09T20:31:06.611+0700][gc,init] Heap Region Size: 1M
[2023-11-09T20:31:06.611+0700][gc,init] Heap Min Capacity: 512M
[2023-11-09T20:31:06.611+0700][gc,init] Heap Initial Capacity: 512M
[2023-11-09T20:31:06.611+0700][gc,init] Heap Max Capacity: 512M
[2023-11-09T20:31:06.611+0700][gc,init] Pre-touch: Disabled
[2023-11-09T20:31:06.611+0700][gc,init] Parallel Workers: 4
[2023-11-09T20:31:06.611+0700][gc,init] Concurrent Workers: 1
[2023-11-09T20:31:06.611+0700][gc,init] Concurrent Refinement Workers: 4
[2023-11-09T20:31:06.611+0700][gc,init] Periodic GC: Disabled
[2023-11-09T20:31:06.611+0700][gc,metaspace] CDS archive(s) not mapped
[2023-11-09T20:31:06.611+0700][gc,metaspace] Compressed class space mapped at: 0x0000000800000000-0x0000000840000000, reserved size: 1073741824
[2023-11-09T20:31:06.611+0700][gc,metaspace] Narrow klass base: 0x0000000800000000, Narrow klass shift: 0, Narrow klass range: 0x40000000
[2023-11-09T20:31:13.078+0700][gc,start    ] GC(0) Pause Young (Normal) (G1 Evacuation Pause)
[2023-11-09T20:31:13.102+0700][gc,task     ] GC(0) Using 4 workers of 4 for evacuation
[2023-11-09T20:31:13.206+0700][gc,mmu      ] GC(0) MMU target violated: 21.0ms (20.0ms/21.0ms)
[2023-11-09T20:31:13.207+0700][gc,phases   ] GC(0)   Pre Evacuate Collection Set: 9.2ms
[2023-11-09T20:31:13.207+0700][gc,phases   ] GC(0)   Merge Heap Roots: 41.8ms
[2023-11-09T20:31:13.207+0700][gc,phases   ] GC(0)   Evacuate Collection Set: 25.6ms
[2023-11-09T20:31:13.207+0700][gc,phases   ] GC(0)   Post Evacuate Collection Set: 7.2ms
[2023-11-09T20:31:13.207+0700][gc,phases   ] GC(0)   Other: 51.9ms
[2023-11-09T20:31:13.207+0700][gc,heap     ] GC(0) Eden regions: 25->0(21)
[2023-11-09T20:31:13.207+0700][gc,heap     ] GC(0) Survivor regions: 0->4(4)
[2023-11-09T20:31:13.207+0700][gc,heap     ] GC(0) Old regions: 0->5
[2023-11-09T20:31:13.207+0700][gc,heap     ] GC(0) Archive regions: 0->0
[2023-11-09T20:31:13.207+0700][gc,heap     ] GC(0) Humongous regions: 0->0
[2023-11-09T20:31:13.207+0700][gc,metaspace] GC(0) Metaspace: 16786K(16960K)->16786K(16960K) NonClass: 15044K(15104K)->15044K(15104K) Class: 1742K(1856K)->1742K(1856K)
[2023-11-09T20:31:13.207+0700][gc          ] GC(0) Pause Young (Normal) (G1 Evacuation Pause) 25M->8M(512M) 129.239ms
[2023-11-09T20:31:13.207+0700][gc,cpu      ] GC(0) User=0.02s Sys=0.00s Real=0.13s
[2023-11-09T20:46:59.628+0700][gc,heap,exit] Heap
[2023-11-09T20:46:59.628+0700][gc,heap,exit]  garbage-first heap   total 524288K, used 14230K [0x00000007e0000000, 0x0000000800000000)
[2023-11-09T20:46:59.628+0700][gc,heap,exit]   region size 1024K, 10 young (10240K), 4 survivors (4096K)
[2023-11-09T20:46:59.628+0700][gc,heap,exit]  Metaspace       used 17524K, committed 17728K, reserved 1114112K
[2023-11-09T20:46:59.628+0700][gc,heap,exit]   class space    used 1798K, committed 1920K, reserved 1048576K
